Microchip MPLAB XC8 Compiler V1.44 ()

Linker command line:

-W-3 --edf=C:\Program Files (x86)\Microchip\xc8\v1.44\dat\en_msgs.txt -cs \
  -h+dist/default/production\Lab1XC8.X.production.sym \
  --cmf=dist/default/production\Lab1XC8.X.production.cmf -z -Q18F452 \
  -oC:\Users\Durell\AppData\Local\Temp\s9h8.2 \
  -Mdist/default/production/Lab1XC8.X.production.map -E1 -ver=XC8 \
  -ASTACK=080h-05ffh -pstack=STACK -ACODE=00h-03FFFhx2 -ACONST=00h-07FFFh \
  -ASMALLCONST=0600h-06FFhx122 -AMEDIUMCONST=0600h-07FFFh -ACOMRAM=01h-07Fh \
  -AABS1=00h-05FFh -ABIGRAM=01h-05FFh -ARAM=080h-0FFh,0100h-01FFhx5 \
  -ABANK0=080h-0FFh -ABANK1=0100h-01FFh -ABANK2=0200h-02FFh \
  -ABANK3=0300h-03FFh -ABANK4=0400h-04FFh -ABANK5=0500h-05FFh \
  -ASFR=0F80h-0FFFh -preset_vec=00h,intcode,intcodelo,powerup,init \
  -pramtop=0600h -psmallconst=SMALLCONST -pmediumconst=MEDIUMCONST \
  -pconst=CONST -AFARRAM=00h-00h -ACONFIG=0300000h-030000Dh -pconfig=CONFIG \
  -AIDLOC=0200000h-0200007h -pidloc=IDLOC -AEEDATA=0F00000h-0F000FFh \
  -peeprom_data=EEDATA \
  -prdata=COMRAM,nvrram=COMRAM,nvbit=COMRAM,rbss=COMRAM,rbit=COMRAM \
  -pfarbss=FARRAM,fardata=FARRAM,nvFARRAM=FARRAM \
  -pintsave_regs=BIGRAM,bigbss=BIGRAM,bigdata=BIGRAM -pbss=RAM \
  -pidata=CODE,irdata=CODE,ibigdata=CODE,ifardata=CODE -prparam=COMRAM \
  C:\Users\Durell\AppData\Local\Temp\s9h8.obj \
  dist/default/production\Lab1XC8.X.production.obj 

Object code version is 3.11

Machine type is 18F452

Call graph: (short form)




                Name                               Link     Load   Length Selector   Space Scale
C:\Users\Durell\AppData\Local\Temp\s9h8.obj
                text                                8C4      8C4        2      308       0
                init                                  2        2        4        0       0
                reset_vec                             0        0        2        0       0
                idloc                            200000   200000        8   200000       0
                config                           300000   300000        E   300000       0
dist/default/production\Lab1XC8.X.production.obj
                smallconst                          600      600       10      300       0
                text9                               8A6      8A6       10      308       0
                text8                               826      826       42      308       0
                text7                               890      890       16      308       0
                text6                               6DA      6DA       44      308       0
                text5                               7E4      7E4       42      308       0
                text4                               610      610       CA      308       0
                text3                               7A2      7A2       42      308       0
                text2                               760      760       42      308       0
                text1                               71E      71E       42      308       0
                text0                               868      868       28      308       0
                cstackCOMRAM                          1        1        3        1       1
                cinit                               8B6      8B6        E      308       0

TOTAL           Name                               Link     Load   Length     Space
        CLASS   STACK          

        CLASS   CODE           
                text                                8C4      8C4        2         0
                init                                  2        2        4         0
                reset_vec                             0        0        2         0
                text9                               8A6      8A6       10         0
                text8                               826      826       42         0
                text7                               890      890       16         0
                text6                               6DA      6DA       44         0
                text5                               7E4      7E4       42         0
                text4                               610      610       CA         0
                text3                               7A2      7A2       42         0
                text2                               760      760       42         0
                text1                               71E      71E       42         0
                text0                               868      868       28         0
                cinit                               8B6      8B6        E         0

        CLASS   CONST          

        CLASS   SMALLCONST     
                smallconst                          600      600       10         0

        CLASS   MEDIUMCONST    

        CLASS   COMRAM         
                cstackCOMRAM                          1        1        3         1

        CLASS   ABS1           

        CLASS   BIGRAM         

        CLASS   RAM            

        CLASS   BANK0          

        CLASS   BANK1          

        CLASS   BANK2          

        CLASS   BANK3          

        CLASS   BANK4          

        CLASS   BANK5          

        CLASS   SFR            

        CLASS   FARRAM         

        CLASS   CONFIG         
                config                           300000   300000        E         0

        CLASS   IDLOC          
                idloc                            200000   200000        8         0

        CLASS   EEDATA         



SEGMENTS        Name                           Load    Length   Top    Selector   Space  Class

                reset_vec                      000000  000006  000006         0       0  CODE    
                cstackCOMRAM                   000001  000003  000004         1       1  COMRAM  
                smallconst                     000600  000010  000610       300       0  SMALLCON
                text4                          000610  0002B6  0008C6       308       0  CODE    
                idloc                          200000  000008  200008    200000       0  IDLOC   
                config                         300000  00000E  30000E    300000       0  CONFIG  


UNUSED ADDRESS RANGES

        Name                Unused          Largest block    Delta
        BANK0            000080-0000FF               80
        BANK1            000100-0001FF              100
        BANK2            000200-0002FF              100
        BANK3            000300-0003FF              100
        BANK4            000400-0004FF              100
        BANK5            000500-0005FF              100
        BIGRAM           000004-0005FF              5FC
        CODE             000006-0005FF              5FA
                         0008C6-007FFF             373A
        COMRAM           000004-00007F               7C
        CONST            000006-0005FF              5FA
                         0008C6-007FFF             773A
        EEDATA           F00000-F000FF              100
        MEDIUMCONST      0008C6-007FFF             773A
        RAM              000080-0005FF              100
        SFR              000F80-000FFF               80
        SMALLCONST       0008C6-007FFF              100
        STACK            000080-0005FF              580

                                  Symbol Table

OpenXLCD@lcdtype                                                cstackCOMRAM 000003
SetDDRamAddr@DDaddr                                             cstackCOMRAM 000001
WriteCmdXLCD@cmd                                                cstackCOMRAM 000001
WriteDataXLCD@data                                              cstackCOMRAM 000001
_BusyXLCD                                                       text8        000826
_DelayFor18TCY                                                  text9        0008A6
_DelayPORXLCD                                                   text7        000890
_LATDbits                                                       (abs)        000F8C
_OpenXLCD                                                       text4        000610
_PORTD                                                          (abs)        000F83
_SetDDRamAddr                                                   text6        0006DA
_TRISD                                                          (abs)        000F95
_TRISDbits                                                      (abs)        000F95
_WriteCmdXLCD                                                   text5        0007E4
_WriteDataXLCD                                                  text2        000760
__CFG_LVP$OFF                                                   (abs)        000000
__CFG_OSC$HS                                                    (abs)        000000
__CFG_WDT$OFF                                                   (abs)        000000
__HRAM                                                          (abs)        000000
__Habs1                                                         abs1         000000
__Hbank0                                                        bank0        000000
__Hbank1                                                        bank1        000000
__Hbank2                                                        bank2        000000
__Hbank3                                                        bank3        000000
__Hbank4                                                        bank4        000000
__Hbank5                                                        bank5        000000
__Hbigbss                                                       bigbss       000000
__Hbigdata                                                      bigdata      000000
__Hbigram                                                       bigram       000000
__Hbss                                                          bss          000000
__Hcinit                                                        cinit        000000
__Hclrtext                                                      clrtext      000000
__Hcomram                                                       comram       000000
__Hconfig                                                       config       30000E
__Hconst                                                        const        000000
__HcstackCOMRAM                                                 cstackCOMRAM 000000
__Hdata                                                         data         000000
__Heeprom_data                                                  eeprom_data  000000
__Hfarbss                                                       farbss       000000
__Hfardata                                                      fardata      000000
__Hibigdata                                                     ibigdata     000000
__Hidata                                                        idata        000000
__Hidloc                                                        idloc        200008
__Hifardata                                                     ifardata     000000
__Hinit                                                         init         000006
__Hintcode                                                      intcode      000002
__Hintcode_body                                                 intcode_body 000000
__Hintcodelo                                                    intcodelo    000002
__Hintentry                                                     intentry     000000
__Hintret                                                       intret       000000
__Hintsave_regs                                                 intsave_regs 000000
__Hirdata                                                       irdata       000000
__Hmediumconst                                                  mediumconst  000000
__HnvFARRAM                                                     nvFARRAM     000000
__Hnvbit                                                        nvbit        000000
__Hnvrram                                                       nvrram       000000
__Hparam                                                        rparam       000000
__Hpowerup                                                      powerup      000002
__Hram                                                          ram          000000
__Hramtop                                                       ramtop       000600
__Hrbit                                                         rbit         000000
__Hrbss                                                         rbss         000000
__Hrdata                                                        rdata        000000
__Hreset_vec                                                    reset_vec    000002
__Hrparam                                                       rparam       000000
__Hsfr                                                          sfr          000000
__Hsmallconst                                                   smallconst   000610
__Hspace_0                                                      (abs)        30000E
__Hspace_1                                                      (abs)        000004
__Hspace_2                                                      (abs)        000000
__Hstack                                                        stack        000000
__Hstruct                                                       struct       000000
__Htemp                                                         temp         000000
__Htext                                                         text         000000
__Htext0                                                        text0        000000
__Htext1                                                        text1        000000
__Htext2                                                        text2        000000
__Htext3                                                        text3        000000
__Htext4                                                        text4        000000
__Htext5                                                        text5        000000
__Htext6                                                        text6        000000
__Htext7                                                        text7        000000
__Htext8                                                        text8        000000
__Htext9                                                        text9        000000
__LRAM                                                          (abs)        000001
__Labs1                                                         abs1         000000
__Lbank0                                                        bank0        000000
__Lbank1                                                        bank1        000000
__Lbank2                                                        bank2        000000
__Lbank3                                                        bank3        000000
__Lbank4                                                        bank4        000000
__Lbank5                                                        bank5        000000
__Lbigbss                                                       bigbss       000000
__Lbigdata                                                      bigdata      000000
__Lbigram                                                       bigram       000000
__Lbss                                                          bss          000000
__Lcinit                                                        cinit        000000
__Lclrtext                                                      clrtext      000000
__Lcomram                                                       comram       000000
__Lconfig                                                       config       300000
__Lconst                                                        const        000000
__LcstackCOMRAM                                                 cstackCOMRAM 000000
__Ldata                                                         data         000000
__Leeprom_data                                                  eeprom_data  000000
__Lfarbss                                                       farbss       000000
__Lfardata                                                      fardata      000000
__Libigdata                                                     ibigdata     000000
__Lidata                                                        idata        000000
__Lidloc                                                        idloc        200000
__Lifardata                                                     ifardata     000000
__Linit                                                         init         000002
__Lintcode                                                      intcode      000002
__Lintcode_body                                                 intcode_body 000000
__Lintcodelo                                                    intcodelo    000002
__Lintentry                                                     intentry     000000
__Lintret                                                       intret       000000
__Lintsave_regs                                                 intsave_regs 000000
__Lirdata                                                       irdata       000000
__Lmediumconst                                                  mediumconst  000000
__LnvFARRAM                                                     nvFARRAM     000000
__Lnvbit                                                        nvbit        000000
__Lnvrram                                                       nvrram       000000
__Lparam                                                        rparam       000000
__Lpowerup                                                      powerup      000002
__Lram                                                          ram          000000
__Lramtop                                                       ramtop       000600
__Lrbit                                                         rbit         000000
__Lrbss                                                         rbss         000000
__Lrdata                                                        rdata        000000
__Lreset_vec                                                    reset_vec    000000
__Lrparam                                                       rparam       000000
__Lsfr                                                          sfr          000000
__Lsmallconst                                                   smallconst   000600
__Lspace_0                                                      (abs)        000000
__Lspace_1                                                      (abs)        000000
__Lspace_2                                                      (abs)        000000
__Lstack                                                        stack        000000
__Lstruct                                                       struct       000000
__Ltemp                                                         temp         000000
__Ltext                                                         text         000000
__Ltext0                                                        text0        000000
__Ltext1                                                        text1        000000
__Ltext2                                                        text2        000000
__Ltext3                                                        text3        000000
__Ltext4                                                        text4        000000
__Ltext5                                                        text5        000000
__Ltext6                                                        text6        000000
__Ltext7                                                        text7        000000
__Ltext8                                                        text8        000000
__Ltext9                                                        text9        000000
__S0                                                            (abs)        30000E
__S1                                                            (abs)        000004
__S2                                                            (abs)        000000
___inthi_sp                                                     stack        000000
___intlo_sp                                                     stack        000000
___param_bank                                                   (abs)        000000
___rparam_used                                                  (abs)        000001
___sp                                                           stack        000000
__accesstop                                                     (abs)        000080
__activetblptr                                                  (abs)        000001
__cntErrataNOP_C:\Users\Durell\AppData\Local\Temp\s9h8.obj      (abs)        000001
__cntErrataNOP_dist/default/production\Lab1XC8.X.production.obj (abs)        00001D
__end_of_BusyXLCD                                               text8        000868
__end_of_DelayFor18TCY                                          text9        0008B6
__end_of_DelayPORXLCD                                           text7        0008A6
__end_of_OpenXLCD                                               text4        0006DA
__end_of_SetDDRamAddr                                           text6        00071E
__end_of_WriteCmdXLCD                                           text5        000826
__end_of_WriteDataXLCD                                          text2        0007A2
__end_of__initialization                                        cinit        0008B6
__end_of_init_LCD                                               text3        0007E4
__end_of_main                                                   text0        000890
__end_of_putrsXLCD                                              text1        000760
__initialization                                                cinit        0008B6
__mediumconst                                                   mediumconst  000000
__pcinit                                                        cinit        0008B6
__pcstackCOMRAM                                                 cstackCOMRAM 000001
__psmallconst                                                   smallconst   000600
__ptext0                                                        text0        000868
__ptext1                                                        text1        00071E
__ptext2                                                        text2        000760
__ptext3                                                        text3        0007A2
__ptext4                                                        text4        000610
__ptext5                                                        text5        0007E4
__ptext6                                                        text6        0006DA
__ptext7                                                        text7        000890
__ptext8                                                        text8        000826
__ptext9                                                        text9        0008A6
__ramtop                                                        ramtop       000600
__size_of_BusyXLCD                                              (abs)        000000
__size_of_DelayFor18TCY                                         (abs)        000000
__size_of_DelayPORXLCD                                          (abs)        000000
__size_of_OpenXLCD                                              (abs)        000000
__size_of_SetDDRamAddr                                          (abs)        000000
__size_of_WriteCmdXLCD                                          (abs)        000000
__size_of_WriteDataXLCD                                         (abs)        000000
__size_of_init_LCD                                              (abs)        000000
__size_of_main                                                  (abs)        000000
__size_of_putrsXLCD                                             (abs)        000000
__smallconst                                                    smallconst   000600
_init_LCD                                                       text3        0007A2
_main                                                           text0        000868
_putrsXLCD                                                      text1        00071E
end_of_initialization                                           cinit        0008B6
intlevel0                                                       text         0008C4
intlevel1                                                       text         0008C4
intlevel2                                                       text         0008C4
intlevel3                                                       text         0008C4
putrsXLCD@buffer                                                cstackCOMRAM 000002
stackhi                                                         (abs)        0005FF
stacklo                                                         (abs)        000080
start                                                           init         000002
start_initialization                                            cinit        0008B6


FUNCTION INFORMATION:

 *************** function _main *****************
 Defined at:
		line 38 in file "lab1asm.c"
 Parameters:    Size  Location     Type
		None
 Auto vars:     Size  Location     Type
		None
 Return value:  Size  Location     Type
                  1    wreg      void 
 Registers used:
		wreg, status,2, status,0, tblptrl, tblptrh, tblptru, cstack
 Tracked objects:
		On entry : 
		On exit  : 
		Unchanged: 
 Data sizes:     COMRAM   BANK0   BANK1   BANK2   BANK3   BANK4   BANK5
      Params:         0       0       0       0       0       0       0
      Locals:         0       0       0       0       0       0       0
      Temps:          0       0       0       0       0       0       0
      Totals:         0       0       0       0       0       0       0
Total ram usage:        0 bytes
 Hardware stack levels required when called:    4
 This function calls:
		_BusyXLCD
		_SetDDRamAddr
		_init_LCD
		_putrsXLCD
 This function is called by:
		Startup code after reset
 This function uses a non-reentrant model


 *************** function _putrsXLCD *****************
 Defined at:
		line 161 in file "lcd.c"
 Parameters:    Size  Location     Type
  buffer          2    1[COMRAM] PTR const unsigned char 
		 -> STR_1(13), 
 Auto vars:     Size  Location     Type
		None
 Return value:  Size  Location     Type
                  1    wreg      void 
 Registers used:
		wreg, status,2, status,0, tblptrl, tblptrh, tblptru, cstack
 Tracked objects:
		On entry : 
		On exit  : 
		Unchanged: 
 Data sizes:     COMRAM   BANK0   BANK1   BANK2   BANK3   BANK4   BANK5
      Params:         2       0       0       0       0       0       0
      Locals:         0       0       0       0       0       0       0
      Temps:          0       0       0       0       0       0       0
      Totals:         2       0       0       0       0       0       0
Total ram usage:        2 bytes
 Hardware stack levels used:    1
 Hardware stack levels required when called:    2
 This function calls:
		_BusyXLCD
		_WriteDataXLCD
 This function is called by:
		_main
 This function uses a non-reentrant model


 *************** function _WriteDataXLCD *****************
 Defined at:
		line 521 in file "lcd.c"
 Parameters:    Size  Location     Type
  data            1    wreg     unsigned char 
 Auto vars:     Size  Location     Type
  data            1    0[COMRAM] unsigned char 
 Return value:  Size  Location     Type
                  1    wreg      void 
 Registers used:
		wreg, status,2, status,0, cstack
 Tracked objects:
		On entry : 
		On exit  : 
		Unchanged: 
 Data sizes:     COMRAM   BANK0   BANK1   BANK2   BANK3   BANK4   BANK5
      Params:         0       0       0       0       0       0       0
      Locals:         1       0       0       0       0       0       0
      Temps:          0       0       0       0       0       0       0
      Totals:         1       0       0       0       0       0       0
Total ram usage:        1 bytes
 Hardware stack levels used:    1
 Hardware stack levels required when called:    1
 This function calls:
		_DelayFor18TCY
 This function is called by:
		_putrsXLCD
		_putsXLCD
 This function uses a non-reentrant model


 *************** function _init_LCD *****************
 Defined at:
		line 29 in file "lab1asm.c"
 Parameters:    Size  Location     Type
		None
 Auto vars:     Size  Location     Type
		None
 Return value:  Size  Location     Type
                  1    wreg      void 
 Registers used:
		wreg, status,2, status,0, cstack
 Tracked objects:
		On entry : 
		On exit  : 
		Unchanged: 
 Data sizes:     COMRAM   BANK0   BANK1   BANK2   BANK3   BANK4   BANK5
      Params:         0       0       0       0       0       0       0
      Locals:         0       0       0       0       0       0       0
      Temps:          0       0       0       0       0       0       0
      Totals:         0       0       0       0       0       0       0
Total ram usage:        0 bytes
 Hardware stack levels used:    1
 Hardware stack levels required when called:    3
 This function calls:
		_BusyXLCD
		_OpenXLCD
		_WriteCmdXLCD
 This function is called by:
		_main
 This function uses a non-reentrant model


 *************** function _OpenXLCD *****************
 Defined at:
		line 80 in file "lcd.c"
 Parameters:    Size  Location     Type
  lcdtype         1    wreg     unsigned char 
 Auto vars:     Size  Location     Type
  lcdtype         1    2[COMRAM] unsigned char 
 Return value:  Size  Location     Type
                  1    wreg      void 
 Registers used:
		wreg, status,2, status,0, cstack
 Tracked objects:
		On entry : 
		On exit  : 
		Unchanged: 
 Data sizes:     COMRAM   BANK0   BANK1   BANK2   BANK3   BANK4   BANK5
      Params:         0       0       0       0       0       0       0
      Locals:         1       0       0       0       0       0       0
      Temps:          1       0       0       0       0       0       0
      Totals:         2       0       0       0       0       0       0
Total ram usage:        2 bytes
 Hardware stack levels used:    1
 Hardware stack levels required when called:    2
 This function calls:
		_BusyXLCD
		_DelayPORXLCD
		_SetDDRamAddr
		_WriteCmdXLCD
 This function is called by:
		_init_LCD
 This function uses a non-reentrant model


 *************** function _WriteCmdXLCD *****************
 Defined at:
		line 455 in file "lcd.c"
 Parameters:    Size  Location     Type
  cmd             1    wreg     unsigned char 
 Auto vars:     Size  Location     Type
  cmd             1    0[COMRAM] unsigned char 
 Return value:  Size  Location     Type
                  1    wreg      void 
 Registers used:
		wreg, status,2, status,0, cstack
 Tracked objects:
		On entry : 
		On exit  : 
		Unchanged: 
 Data sizes:     COMRAM   BANK0   BANK1   BANK2   BANK3   BANK4   BANK5
      Params:         0       0       0       0       0       0       0
      Locals:         1       0       0       0       0       0       0
      Temps:          0       0       0       0       0       0       0
      Totals:         1       0       0       0       0       0       0
Total ram usage:        1 bytes
 Hardware stack levels used:    1
 Hardware stack levels required when called:    1
 This function calls:
		_DelayFor18TCY
 This function is called by:
		_init_LCD
		_OpenXLCD
 This function uses a non-reentrant model


 *************** function _SetDDRamAddr *****************
 Defined at:
		line 392 in file "lcd.c"
 Parameters:    Size  Location     Type
  DDaddr          1    wreg     unsigned char 
 Auto vars:     Size  Location     Type
  DDaddr          1    0[COMRAM] unsigned char 
 Return value:  Size  Location     Type
                  1    wreg      void 
 Registers used:
		wreg, status,2, status,0, cstack
 Tracked objects:
		On entry : 
		On exit  : 
		Unchanged: 
 Data sizes:     COMRAM   BANK0   BANK1   BANK2   BANK3   BANK4   BANK5
      Params:         0       0       0       0       0       0       0
      Locals:         1       0       0       0       0       0       0
      Temps:          0       0       0       0       0       0       0
      Totals:         1       0       0       0       0       0       0
Total ram usage:        1 bytes
 Hardware stack levels used:    1
 Hardware stack levels required when called:    1
 This function calls:
		_DelayFor18TCY
 This function is called by:
		_main
		_OpenXLCD
 This function uses a non-reentrant model


 *************** function _DelayPORXLCD *****************
 Defined at:
		line 19 in file "lab1asm.c"
 Parameters:    Size  Location     Type
		None
 Auto vars:     Size  Location     Type
		None
 Return value:  Size  Location     Type
                  1    wreg      void 
 Registers used:
		wreg
 Tracked objects:
		On entry : 
		On exit  : 
		Unchanged: 
 Data sizes:     COMRAM   BANK0   BANK1   BANK2   BANK3   BANK4   BANK5
      Params:         0       0       0       0       0       0       0
      Locals:         0       0       0       0       0       0       0
      Temps:          1       0       0       0       0       0       0
      Totals:         1       0       0       0       0       0       0
Total ram usage:        1 bytes
 Hardware stack levels used:    1
 This function calls:
		Nothing
 This function is called by:
		_OpenXLCD
 This function uses a non-reentrant model


 *************** function _BusyXLCD *****************
 Defined at:
		line 12 in file "lcd.c"
 Parameters:    Size  Location     Type
		None
 Auto vars:     Size  Location     Type
		None
 Return value:  Size  Location     Type
                  1    wreg      unsigned char 
 Registers used:
		wreg, cstack
 Tracked objects:
		On entry : 
		On exit  : 
		Unchanged: 
 Data sizes:     COMRAM   BANK0   BANK1   BANK2   BANK3   BANK4   BANK5
      Params:         0       0       0       0       0       0       0
      Locals:         0       0       0       0       0       0       0
      Temps:          0       0       0       0       0       0       0
      Totals:         0       0       0       0       0       0       0
Total ram usage:        0 bytes
 Hardware stack levels used:    1
 Hardware stack levels required when called:    1
 This function calls:
		_DelayFor18TCY
 This function is called by:
		_init_LCD
		_main
		_OpenXLCD
		_putrsXLCD
		_putsXLCD
 This function uses a non-reentrant model


 *************** function _DelayFor18TCY *****************
 Defined at:
		line 13 in file "lab1asm.c"
 Parameters:    Size  Location     Type
		None
 Auto vars:     Size  Location     Type
		None
 Return value:  Size  Location     Type
                  1    wreg      void 
 Registers used:
		wreg
 Tracked objects:
		On entry : 
		On exit  : 
		Unchanged: 
 Data sizes:     COMRAM   BANK0   BANK1   BANK2   BANK3   BANK4   BANK5
      Params:         0       0       0       0       0       0       0
      Locals:         0       0       0       0       0       0       0
      Temps:          0       0       0       0       0       0       0
      Totals:         0       0       0       0       0       0       0
Total ram usage:        0 bytes
 Hardware stack levels used:    1
 This function calls:
		Nothing
 This function is called by:
		_BusyXLCD
		_SetDDRamAddr
		_WriteCmdXLCD
		_WriteDataXLCD
		_ReadAddrXLCD
		_ReadDataXLCD
		_SetCGRamAddr
 This function uses a non-reentrant model



MODULE INFORMATION

Module		Function		Class		Link	Load	Size
lab1asm.c
		_main          		CODE           	0868	0000	41
		_DelayFor18TCY 		CODE           	08A6	0000	17
		_init_LCD      		CODE           	07A2	0000	67
		_DelayPORXLCD  		CODE           	0890	0000	23

lab1asm.c estimated size: 148

shared
		__initialization		CODE           	08B6	0000	1

shared estimated size: 1

lcd.c
		_BusyXLCD      		CODE           	0826	0000	67
		_WriteCmdXLCD  		CODE           	07E4	0000	67
		_OpenXLCD      		CODE           	0610	0000	203
		_WriteDataXLCD 		CODE           	0760	0000	67
		_SetDDRamAddr  		CODE           	06DA	0000	69
		_putrsXLCD     		CODE           	071E	0000	67

lcd.c estimated size: 540

